------------------------------------------------------------
TimeQuest Timing Analyzer Summary
------------------------------------------------------------

Type  : Slow 1200mV 85C Model Setup 'inst|altpll_component|auto_generated|pll1|clk[0]'
Slack : -5.896
TNS   : -54.347

Type  : Slow 1200mV 85C Model Setup 'VGA_SYNC:inst2|vert_sync_out'
Slack : -3.690
TNS   : -107.788

Type  : Slow 1200mV 85C Model Setup 'VGA_SYNC:inst2|pixel_column[4]'
Slack : -1.434
TNS   : -2.832

Type  : Slow 1200mV 85C Model Setup 'MOUSE:inst4|MOUSE_CLK_FILTER'
Slack : -1.270
TNS   : -37.812

Type  : Slow 1200mV 85C Model Hold 'VGA_SYNC:inst2|pixel_column[4]'
Slack : -2.269
TNS   : -6.590

Type  : Slow 1200mV 85C Model Hold 'VGA_SYNC:inst2|vert_sync_out'
Slack : -0.245
TNS   : -0.472

Type  : Slow 1200mV 85C Model Hold 'inst|altpll_component|auto_generated|pll1|clk[0]'
Slack : -0.183
TNS   : -0.183

Type  : Slow 1200mV 85C Model Hold 'MOUSE:inst4|MOUSE_CLK_FILTER'
Slack : -0.075
TNS   : -0.214

Type  : Slow 1200mV 85C Model Recovery 'MOUSE:inst4|MOUSE_CLK_FILTER'
Slack : 0.028
TNS   : 0.000

Type  : Slow 1200mV 85C Model Removal 'MOUSE:inst4|MOUSE_CLK_FILTER'
Slack : -0.163
TNS   : -0.163

Type  : Slow 1200mV 85C Model Minimum Pulse Width 'VGA_SYNC:inst2|vert_sync_out'
Slack : -1.000
TNS   : -41.000

Type  : Slow 1200mV 85C Model Minimum Pulse Width 'MOUSE:inst4|MOUSE_CLK_FILTER'
Slack : -1.000
TNS   : -35.000

Type  : Slow 1200mV 85C Model Minimum Pulse Width 'VGA_SYNC:inst2|pixel_column[4]'
Slack : 0.401
TNS   : 0.000

Type  : Slow 1200mV 85C Model Minimum Pulse Width 'clk'
Slack : 9.825
TNS   : 0.000

Type  : Slow 1200mV 85C Model Minimum Pulse Width 'inst|altpll_component|auto_generated|pll1|clk[0]'
Slack : 19.737
TNS   : 0.000

Type  : Slow 1200mV 0C Model Setup 'inst|altpll_component|auto_generated|pll1|clk[0]'
Slack : -5.067
TNS   : -45.838

Type  : Slow 1200mV 0C Model Setup 'VGA_SYNC:inst2|vert_sync_out'
Slack : -3.168
TNS   : -93.886

Type  : Slow 1200mV 0C Model Setup 'VGA_SYNC:inst2|pixel_column[4]'
Slack : -1.305
TNS   : -2.643

Type  : Slow 1200mV 0C Model Setup 'MOUSE:inst4|MOUSE_CLK_FILTER'
Slack : -1.031
TNS   : -30.673

Type  : Slow 1200mV 0C Model Hold 'VGA_SYNC:inst2|pixel_column[4]'
Slack : -1.945
TNS   : -5.660

Type  : Slow 1200mV 0C Model Hold 'inst|altpll_component|auto_generated|pll1|clk[0]'
Slack : -0.288
TNS   : -0.288

Type  : Slow 1200mV 0C Model Hold 'VGA_SYNC:inst2|vert_sync_out'
Slack : -0.062
TNS   : -0.062

Type  : Slow 1200mV 0C Model Hold 'MOUSE:inst4|MOUSE_CLK_FILTER'
Slack : 0.056
TNS   : 0.000

Type  : Slow 1200mV 0C Model Recovery 'MOUSE:inst4|MOUSE_CLK_FILTER'
Slack : -0.075
TNS   : -1.125

Type  : Slow 1200mV 0C Model Removal 'MOUSE:inst4|MOUSE_CLK_FILTER'
Slack : 0.053
TNS   : 0.000

Type  : Slow 1200mV 0C Model Minimum Pulse Width 'VGA_SYNC:inst2|vert_sync_out'
Slack : -1.000
TNS   : -41.000

Type  : Slow 1200mV 0C Model Minimum Pulse Width 'MOUSE:inst4|MOUSE_CLK_FILTER'
Slack : -1.000
TNS   : -35.000

Type  : Slow 1200mV 0C Model Minimum Pulse Width 'VGA_SYNC:inst2|pixel_column[4]'
Slack : 0.463
TNS   : 0.000

Type  : Slow 1200mV 0C Model Minimum Pulse Width 'clk'
Slack : 9.785
TNS   : 0.000

Type  : Slow 1200mV 0C Model Minimum Pulse Width 'inst|altpll_component|auto_generated|pll1|clk[0]'
Slack : 19.742
TNS   : 0.000

Type  : Fast 1200mV 0C Model Setup 'inst|altpll_component|auto_generated|pll1|clk[0]'
Slack : -2.968
TNS   : -26.692

Type  : Fast 1200mV 0C Model Setup 'VGA_SYNC:inst2|vert_sync_out'
Slack : -1.595
TNS   : -43.591

Type  : Fast 1200mV 0C Model Setup 'VGA_SYNC:inst2|pixel_column[4]'
Slack : -0.408
TNS   : -0.408

Type  : Fast 1200mV 0C Model Setup 'MOUSE:inst4|MOUSE_CLK_FILTER'
Slack : -0.279
TNS   : -5.535

Type  : Fast 1200mV 0C Model Hold 'VGA_SYNC:inst2|pixel_column[4]'
Slack : -1.389
TNS   : -4.002

Type  : Fast 1200mV 0C Model Hold 'VGA_SYNC:inst2|vert_sync_out'
Slack : -0.249
TNS   : -0.963

Type  : Fast 1200mV 0C Model Hold 'MOUSE:inst4|MOUSE_CLK_FILTER'
Slack : -0.175
TNS   : -2.101

Type  : Fast 1200mV 0C Model Hold 'inst|altpll_component|auto_generated|pll1|clk[0]'
Slack : -0.134
TNS   : -0.134

Type  : Fast 1200mV 0C Model Recovery 'MOUSE:inst4|MOUSE_CLK_FILTER'
Slack : 0.208
TNS   : 0.000

Type  : Fast 1200mV 0C Model Removal 'MOUSE:inst4|MOUSE_CLK_FILTER'
Slack : -0.032
TNS   : -0.032

Type  : Fast 1200mV 0C Model Minimum Pulse Width 'VGA_SYNC:inst2|vert_sync_out'
Slack : -1.000
TNS   : -41.000

Type  : Fast 1200mV 0C Model Minimum Pulse Width 'MOUSE:inst4|MOUSE_CLK_FILTER'
Slack : -1.000
TNS   : -35.000

Type  : Fast 1200mV 0C Model Minimum Pulse Width 'VGA_SYNC:inst2|pixel_column[4]'
Slack : 0.365
TNS   : 0.000

Type  : Fast 1200mV 0C Model Minimum Pulse Width 'clk'
Slack : 9.585
TNS   : 0.000

Type  : Fast 1200mV 0C Model Minimum Pulse Width 'inst|altpll_component|auto_generated|pll1|clk[0]'
Slack : 19.749
TNS   : 0.000

------------------------------------------------------------
